[     232ms] [ERROR] Failed to load resource: the server responded with a status of 503 (Service Unavailable) @ http://localhost:8777/api/status:0
[     234ms] [ERROR] Failed to load resource: the server responded with a status of 404 (Not Found) @ http://localhost:8777/favicon.ico:0
[     292ms] [ERROR] TypeError: c.confidence.toFixed is not a function
    at http://localhost:8777/static/assets/index-BMq1BZyB.js:40:67029
    at Array.map (<anonymous>)
    at n4 (http://localhost:8777/static/assets/index-BMq1BZyB.js:40:66332)
    at px (http://localhost:8777/static/assets/index-BMq1BZyB.js:38:16998)
    at k_ (http://localhost:8777/static/assets/index-BMq1BZyB.js:40:3139)
    at Ck (http://localhost:8777/static/assets/index-BMq1BZyB.js:40:44804)
    at wk (http://localhost:8777/static/assets/index-BMq1BZyB.js:40:39766)
    at OF (http://localhost:8777/static/assets/index-BMq1BZyB.js:40:39694)
    at jd (http://localhost:8777/static/assets/index-BMq1BZyB.js:40:39547)
    at U_ (http://localhost:8777/static/assets/index-BMq1BZyB.js:40:35914) @ http://localhost:8777/static/assets/index-BMq1BZyB.js:39
[     292ms] [ERROR] [ErrorBoundary] 대시보드 TypeError: c.confidence.toFixed is not a function
    at http://localhost:8777/static/assets/index-BMq1BZyB.js:40:67029
    at Array.map (<anonymous>)
    at n4 (http://localhost:8777/static/assets/index-BMq1BZyB.js:40:66332)
    at px (http://localhost:8777/static/assets/index-BMq1BZyB.js:38:16998)
    at k_ (http://localhost:8777/static/assets/index-BMq1BZyB.js:40:3139)
    at Ck (http://localhost:8777/static/assets/index-BMq1BZyB.js:40:44804)
    at wk (http://localhost:8777/static/assets/index-BMq1BZyB.js:40:39766)
    at OF (http://localhost:8777/static/assets/index-BMq1BZyB.js:40:39694)
    at jd (http://localhost:8777/static/assets/index-BMq1BZyB.js:40:39547)
    at U_ (http://localhost:8777/static/assets/index-BMq1BZyB.js:40:35914) {componentStack: 
    at n4 (http://localhost:8777/static/assets/in…:8777/static/assets/index-BMq1BZyB.js:100:117702)} @ http://localhost:8777/static/assets/index-BMq1BZyB.js:99
