[     217ms] [ERROR] Failed to load resource: the server responded with a status of 404 (Not Found) @ http://localhost:8777/favicon.ico:0
[     217ms] [ERROR] Failed to load resource: the server responded with a status of 503 (Service Unavailable) @ http://localhost:8777/api/status:0
[     227ms] [ERROR] TypeError: Cannot read properties of undefined (reading 'toLowerCase')
    at http://localhost:8777/static/assets/index-BA86B21U.js:40:64287
    at Array.find (<anonymous>)
    at http://localhost:8777/static/assets/index-BA86B21U.js:40:64272
    at Array.map (<anonymous>)
    at e4 (http://localhost:8777/static/assets/index-BA86B21U.js:40:64257)
    at px (http://localhost:8777/static/assets/index-BA86B21U.js:38:16998)
    at k_ (http://localhost:8777/static/assets/index-BA86B21U.js:40:3139)
    at Tk (http://localhost:8777/static/assets/index-BA86B21U.js:40:44804)
    at xk (http://localhost:8777/static/assets/index-BA86B21U.js:40:39766)
    at EF (http://localhost:8777/static/assets/index-BA86B21U.js:40:39694) @ http://localhost:8777/static/assets/index-BA86B21U.js:39
[     231ms] TypeError: Cannot read properties of undefined (reading 'toLowerCase')
    at http://localhost:8777/static/assets/index-BA86B21U.js:40:64287
    at Array.find (<anonymous>)
    at http://localhost:8777/static/assets/index-BA86B21U.js:40:64272
    at Array.map (<anonymous>)
    at e4 (http://localhost:8777/static/assets/index-BA86B21U.js:40:64257)
    at px (http://localhost:8777/static/assets/index-BA86B21U.js:38:16998)
    at k_ (http://localhost:8777/static/assets/index-BA86B21U.js:40:3139)
    at Tk (http://localhost:8777/static/assets/index-BA86B21U.js:40:44804)
    at xk (http://localhost:8777/static/assets/index-BA86B21U.js:40:39766)
    at EF (http://localhost:8777/static/assets/index-BA86B21U.js:40:39694)
